<?xml version="1.0" encoding="UTF-8"?>
<testsuites name="jest tests" tests="2" failures="0" errors="0" time="1.33">
  <testsuite name="undefined" errors="0" failures="0" skipped="0" timestamp="2025-02-26T09:17:33" time="1.053" tests="2">
    <testcase classname=" adds 2 + 3 to equal 5" name=" adds 2 + 3 to equal 5" time="0.003">
    </testcase>
    <testcase classname=" subtracts 5 - 3 to equal 2" name=" subtracts 5 - 3 to equal 2" time="0.001">
    </testcase>
  </testsuite>
</testsuites>